// Jest Snapshot v1, https://goo.gl/fbAQLP

exports[`testing function displayWeatherInfo should render weather information correctly 1`] = `
"

      <div class="block data">
          <div class="location">
             <img src="alt" ="images="" pin"="" class="img-pin"> 
             <h1>London</h1>
             
      </div>
      <div class="description"> 
          <p class="date">14.10.2023</p>
          <p class="weather-text">Cloudy - Overcast clouds</p>
          </div>
          <div class="box-image"><img class="icon-weather" src="https://openweathermap.org/img/wn/04d@2x.png" alt="Icon weather">
          <div class="text-temp">15Â°C</div>
          </div>

          <class="block"><img id="map" src="https://static-maps.yandex.ru/v1?apikey=ce3d2607-7277-4a80-945e-e03352ae7dbd&amp;l=map&amp;ll=0,0&amp;z=10"></class="block"></div>
"
`;
